// Jest Snapshot v1, https://goo.gl/fbAQLP

exports[`Page Page snapshot renders 1`] = `
<div>
  <h1>
    Hi Bitches!
  </h1>
  <button>
    Nothing will happen!
  </button>
</div>
`;
